// Jest Snapshot v1, https://goo.gl/fbAQLP

exports[`Pill component sanity matches default snapshot 1`] = `
.c0 {
  box-sizing: border-box;
  color: #3259D6;
  background-color: #FFF;
  font-size: 14px;
  font-weight: 400;
  line-height: 1;
  height: 2rem;
  padding-left: 16px;
  padding-right: 16px;
  padding-top: 4px;
  padding-bottom: 4px;
  border-radius: 16px;
  display: -webkit-inline-box;
  display: -webkit-inline-flex;
  display: -ms-inline-flexbox;
  display: inline-flex;
  -webkit-align-items: center;
  -webkit-box-align: center;
  -ms-flex-align: center;
  align-items: center;
}

.c1 {
  position: relative;
  overflow: hidden;
}

.c1::after {
  content: '';
  display: block;
  position: absolute;
  left: 0;
  right: 0;
  top: 0;
  height: 100%;
  width: 100%;
  opacity: 0.12;
  background: currentColor;
  pointer-events: none;
}

<div
  class="c0 c1"
  color="blue"
  display="inline-flex"
  font-size="1"
  font-weight="2"
  height="2rem"
/>
`;

exports[`Pill component sanity matches themed snapshot 1`] = `
.c0 {
  box-sizing: border-box;
  color: #3259D6;
  background-color: #FFF;
  font-size: 14px;
  font-weight: 400;
  line-height: 1;
  height: 2rem;
  padding-left: 16px;
  padding-right: 16px;
  padding-top: 4px;
  padding-bottom: 4px;
  border-radius: 16px;
  display: -webkit-inline-box;
  display: -webkit-inline-flex;
  display: -ms-inline-flexbox;
  display: inline-flex;
  -webkit-align-items: center;
  -webkit-box-align: center;
  -ms-flex-align: center;
  align-items: center;
}

.c1 {
  position: relative;
  overflow: hidden;
}

.c1::after {
  content: '';
  display: block;
  position: absolute;
  left: 0;
  right: 0;
  top: 0;
  height: 100%;
  width: 100%;
  opacity: 0.12;
  background: currentColor;
  pointer-events: none;
}

<div
  class="c0 c1"
  color="blue"
  display="inline-flex"
  font-size="1"
  font-weight="2"
  height="2rem"
/>
`;
