// Jest Snapshot v1, https://goo.gl/fbAQLP

exports[`Heading component sanity matches default snapshot 1`] = `
.c0 {
  box-sizing: border-box;
  font-weight: 600;
  line-height: 1.25;
}

<h1
  class="c0"
  font-size=""
  font-weight="3"
>
  Heading 1
</h1>
`;

exports[`Heading component sanity matches themed snapshot 1`] = `
.c0 {
  box-sizing: border-box;
  font-weight: 600;
  line-height: 1.25;
}

<h1
  class="c0"
  font-size=""
  font-weight="3"
>
  Heading 1
</h1>
`;
