// Jest Snapshot v1, https://goo.gl/fbAQLP

exports[`Heading component sanity matches default snapshot 1`] = `
.c0 {
  margin-top: 16px;
  margin-bottom: 16px;
  font-size: 24px;
  text-align: left;
  font-size: 24px;
  font-weight: 3;
  text-align: left;
}

.c0 {
  box-sizing: border-box;
}

<h3
  class="c0"
  font-size="4"
  font-weight="3"
>
  
</h3>
`;
