// Jest Snapshot v1, https://goo.gl/fbAQLP

exports[`Select component sanity matches default snapshot 1`] = `
<styled.span>
  <styled.select
    borderColor="grey"
    borderRadius={1}
    borders={1}
    boxShadow={1}
    items={
      Array [
        "Wandering Thunder",
        "Black Wildflower",
        "Ancient Paper",
      ]
    }
    theme={
      Object {
        "borders": Array [
          0,
          "1px solid",
        ],
        "colors": Object {
          "black": "#000e1a",
          "blue": "#007ce0",
          "copyColor": "#3F3D4B",
          "grey": "#CCC",
          "navy": "#004175",
          "primary": "#4E3FCE",
          "white": "#fff",
        },
        "fontSizes": Array [
          12,
          14,
          16,
          20,
          24,
          32,
          48,
          64,
        ],
        "fontWeights": Array [
          0,
          300,
          400,
          600,
          700,
        ],
        "fonts": Object {
          "sansSerif": "\\"Source Sans Pro\\", -apple-system, sans-serif",
          "serif": "athelas, georgia, times, serif",
        },
        "heights": Array [
          0,
          16,
          32,
          64,
          128,
          256,
        ],
        "lineHeights": Object {
          "copy": 1.5,
          "solid": 1,
          "title": 1.25,
        },
        "maxHeights": Array [
          0,
          16,
          32,
          64,
          128,
          256,
        ],
        "maxWidths": Array [
          16,
          32,
          64,
          128,
          256,
          512,
          768,
          1024,
          1536,
        ],
        "minHeights": Array [
          0,
          16,
          32,
          64,
          128,
          256,
        ],
        "minWidths": Array [
          0,
          16,
          32,
          64,
          128,
          256,
        ],
        "opacity": Object {
          "disabled": 0.4,
        },
        "radii": Array [
          "0",
          "4px",
          "8px",
          "16px",
        ],
        "shadows": Array [
          "0",
          "0px 2px 4px rgba(0, 0, 0, 0.1)",
          "0 7px 14px rgba(50,50,93,.1)",
        ],
        "space": Array [
          0,
          4,
          8,
          16,
          32,
          64,
          128,
          256,
        ],
        "width": Array [
          0,
          16,
          32,
          64,
          128,
          256,
        ],
      }
    }
  >
    <option
      key="0"
      value="Wandering Thunder"
    >
      Wandering Thunder
    </option>
    <option
      key="1"
      value="Black Wildflower"
    >
      Black Wildflower
    </option>
    <option
      key="2"
      value="Ancient Paper"
    >
      Ancient Paper
    </option>
  </styled.select>
  <ExpandMoreIcon
    size={24}
  />
</styled.span>
`;
