// Jest Snapshot v1, https://goo.gl/fbAQLP

exports[`Select component sanity matches default snapshot 1`] = `
<styled.span>
  <styled.select
    borderColor="grey"
    borderRadius={1}
    borders={1}
    boxShadow={1}
    items={
      Array [
        "Wandering Thunder",
        "Black Wildflower",
        "Ancient Paper",
      ]
    }
  >
    <option
      key="0"
      value="Wandering Thunder"
    >
      Wandering Thunder
    </option>
    <option
      key="1"
      value="Black Wildflower"
    >
      Black Wildflower
    </option>
    <option
      key="2"
      value="Ancient Paper"
    >
      Ancient Paper
    </option>
  </styled.select>
  <ExpandMoreIcon
    size={24}
  />
</styled.span>
`;
