// Jest Snapshot v1, https://goo.gl/fbAQLP

exports[`Input component sanity matches themed snapshot 1`] = `
.c1 {
  -webkit-appearance: none;
  -moz-appearance: none;
  appearance: none;
  font-size: 1rem;
  line-height: 1;
  height: 48px;
  padding: 0 1rem;
  border: 1px solid;
  background: #FFFFFF;
  color: #4E3FCE;
  border-color: #CCC;
  border-radius: 4px;
  box-shadow: 0px 2px 4px rgba(0,0,0,0.1);
}

.c1:hover {
  box-shadow: 0px 2px 6px rgba(0,0,0,0.3);
}

.c1:focus {
  outline: none;
  border-color: #4E3FCE;
}

.c1:disabled {
  opacity: 0.4;
  pointer-events: none;
}

.c0 {
  font-size: 1em;
  font-family: "Source Sans Pro",-apple-system,sans-serif;
  color: #3F3D4B;
}

<div
  class="c0"
>
  <input
    class="c1"
    color="primary"
  >
    
  </input>
</div>
`;
