// Jest Snapshot v1, https://goo.gl/fbAQLP

exports[`Table component sanity matches default snapshot 1`] = `
.c0 {
  box-sizing: border-box;
  width: 100%;
  border: 1px solid transparent;
  border-color: #CCC;
  font-size: 14px;
  font-weight: 400;
  font-family: "Source Sans Pro",-apple-system,sans-serif;
  color: #333;
  box-shadow: 0px 2px 4px rgba(0,0,0,0.1);
}

.c1 {
  font-size: 14px;
  font-weight: 400;
  font-family: "Source Sans Pro",-apple-system,sans-serif;
}

.c1 {
  border-collapse: collapse;
}

.c1 th,
.c1 td {
  border: solid;
  border-width: 1px 0;
  border-color: inherit;
  text-align: left;
  padding: 0 2rem;
}

.c1 tbody tr {
  height: 4rem;
}

.c1 thead tr,
.c1 tfoot tr {
  height: 3rem;
}

.c1 thead th {
  font-weight: 600;
  text-transform: uppercase;
}

<table
  class="c0 c1"
  color="dark-gray"
  font-family="sansSerif"
  font-size="1"
  font-weight="2"
  width="1"
>
  <thead>
    <tr>
      <th>
        #
      </th>
      <th>
        First Name
      </th>
      <th>
        Last Name
      </th>
      <th>
        Username
      </th>
    </tr>
  </thead>
  <tbody>
    <tr>
      <td>
        1
      </td>
      <td>
        Mark
      </td>
      <td>
        Otto
      </td>
      <td>
        @mdo
      </td>
    </tr>
    <tr>
      <td>
        2
      </td>
      <td>
        Jacob
      </td>
      <td>
        Thornton
      </td>
      <td>
        @fat
      </td>
    </tr>
    <tr>
      <td>
        3
      </td>
      <td>
        Larry
      </td>
      <td>
        Bird
      </td>
      <td>
        @twitter
      </td>
    </tr>
  </tbody>
</table>
`;

exports[`Table component sanity matches themed snapshot 1`] = `
.c0 {
  box-sizing: border-box;
  width: 100%;
  border: 1px solid transparent;
  border-color: #CCC;
  font-size: 14px;
  font-weight: 400;
  font-family: "Source Sans Pro",-apple-system,sans-serif;
  color: #333;
  box-shadow: 0px 2px 4px rgba(0,0,0,0.1);
}

.c1 {
  font-size: 14px;
  font-weight: 400;
  font-family: "Source Sans Pro",-apple-system,sans-serif;
}

.c1 {
  border-collapse: collapse;
}

.c1 th,
.c1 td {
  border: solid;
  border-width: 1px 0;
  border-color: inherit;
  text-align: left;
  padding: 0 2rem;
}

.c1 tbody tr {
  height: 4rem;
}

.c1 thead tr,
.c1 tfoot tr {
  height: 3rem;
}

.c1 thead th {
  font-weight: 600;
  text-transform: uppercase;
}

<table
  class="c0 c1"
  color="dark-gray"
  font-family="sansSerif"
  font-size="1"
  font-weight="2"
  width="1"
>
  <thead>
    <tr>
      <th>
        #
      </th>
      <th>
        First Name
      </th>
      <th>
        Last Name
      </th>
      <th>
        Username
      </th>
    </tr>
  </thead>
  <tbody>
    <tr>
      <td>
        1
      </td>
      <td>
        Mark
      </td>
      <td>
        Otto
      </td>
      <td>
        @mdo
      </td>
    </tr>
    <tr>
      <td>
        2
      </td>
      <td>
        Jacob
      </td>
      <td>
        Thornton
      </td>
      <td>
        @fat
      </td>
    </tr>
    <tr>
      <td>
        3
      </td>
      <td>
        Larry
      </td>
      <td>
        Bird
      </td>
      <td>
        @twitter
      </td>
    </tr>
  </tbody>
</table>
`;
