// Jest Snapshot v1, https://goo.gl/fbAQLP

exports[`Card component sanity matches default snapshot 1`] = `
.c0 {
  box-sizing: border-box;
  position: relative;
  background-color: #fff;
  border: 1px solid transparent;
  border-color: #eee;
  box-shadow: 0px 8px 16px rgba(0,0,0,0.1);
  padding: 32px;
}

<div
  class="c0"
/>
`;

exports[`Card component sanity matches themed snapshot 1`] = `
.c0 {
  box-sizing: border-box;
  position: relative;
  background-color: #fff;
  border: 1px solid transparent;
  border-color: #eee;
  box-shadow: 0px 8px 16px rgba(0,0,0,0.1);
  padding: 32px;
}

<div
  class="c0"
/>
`;
